com\serotonin\m2m2\utils\ZLibUtils.class
com\serotonin\m2m2\tcp\handler\MessageUtil.class
com\serotonin\m2m2\tcp\dataSource\TCPPointLocatorModel.class
com\serotonin\m2m2\tcp\server\TCPServer$1.class
com\serotonin\m2m2\tcp\server\TCPServer.class
com\serotonin\m2m2\tcp\handler\MessageUtil$1.class
com\serotonin\m2m2\tcp\server\TCPServerHandler.class
com\serotonin\m2m2\tcp\handler\UnitDataTicket.class
com\serotonin\m2m2\tcp\dwr\TCPEditDwr.class
com\serotonin\m2m2\tcp\dataSource\TCPPointLocatorRT.class
com\serotonin\m2m2\tcp\processor\UnitProcesser.class
com\serotonin\m2m2\tcp\dataSource\TCPPointLocatorModelDefinition.class
com\serotonin\m2m2\tcp\dataSource\TCPPointLocatorVO.class
com\serotonin\m2m2\tcp\server\HUAKEDataType.class
com\serotonin\m2m2\tcp\handler\TCPFunctions.class
com\serotonin\m2m2\tcp\handler\TCPConfig.class
com\serotonin\m2m2\tcp\server\WaveSegment.class
com\serotonin\m2m2\tcp\TCPPDataSourceDefinition.class
com\serotonin\m2m2\tcp\server\TCPServer$2.class
com\serotonin\m2m2\time\CP56Time2a.class
com\serotonin\m2m2\tcp\server\DataPacket.class
com\serotonin\m2m2\tcp\dataSource\TCPStandardDataSourceRT.class
com\serotonin\m2m2\tcp\dataSource\TCPDataSourceModel.class
com\serotonin\m2m2\tcp\dataSource\TCPStandardDataSourceVO.class
