D:\project\huakeTCP\ds-tn8000-lcj\src\com\serotonin\m2m2\tcp\dataSource\TCPStandardDataSourceVO.java
D:\project\huakeTCP\ds-tn8000-lcj\src\com\serotonin\m2m2\tcp\handler\UnitDataTicket.java
D:\project\huakeTCP\ds-tn8000-lcj\src\com\serotonin\m2m2\time\CP56Time2a.java
D:\project\huakeTCP\ds-tn8000-lcj\src\com\serotonin\m2m2\tcp\dataSource\TCPDataSourceModel.java
D:\project\huakeTCP\ds-tn8000-lcj\src\com\serotonin\m2m2\tcp\TCPPDataSourceDefinition.java
D:\project\huakeTCP\ds-tn8000-lcj\src\com\serotonin\m2m2\tcp\dataSource\TCPPointLocatorVO.java
D:\project\huakeTCP\ds-tn8000-lcj\src\com\serotonin\m2m2\utils\ZLibUtils.java
D:\project\huakeTCP\ds-tn8000-lcj\src\com\serotonin\m2m2\tcp\server\TCPServer.java
D:\project\huakeTCP\ds-tn8000-lcj\src\com\serotonin\m2m2\tcp\server\HUAKEDataType.java
D:\project\huakeTCP\ds-tn8000-lcj\src\com\serotonin\m2m2\tcp\server\DataPacket.java
D:\project\huakeTCP\ds-tn8000-lcj\src\com\serotonin\m2m2\tcp\dataSource\TCPPointLocatorRT.java
D:\project\huakeTCP\ds-tn8000-lcj\src\com\serotonin\m2m2\tcp\server\TCPServerHandler.java
D:\project\huakeTCP\ds-tn8000-lcj\src\com\serotonin\m2m2\tcp\handler\TCPFunctions.java
D:\project\huakeTCP\ds-tn8000-lcj\src\com\serotonin\m2m2\tcp\dataSource\TCPPointLocatorModelDefinition.java
D:\project\huakeTCP\ds-tn8000-lcj\src\com\serotonin\m2m2\tcp\handler\MessageUtil.java
D:\project\huakeTCP\ds-tn8000-lcj\src\com\serotonin\m2m2\tcp\processor\UnitProcesser.java
D:\project\huakeTCP\ds-tn8000-lcj\src\com\serotonin\m2m2\tcp\dataSource\TCPPointLocatorModel.java
D:\project\huakeTCP\ds-tn8000-lcj\src\com\serotonin\m2m2\tcp\server\WaveSegment.java
D:\project\huakeTCP\ds-tn8000-lcj\src\com\serotonin\m2m2\tcp\dataSource\TCPStandardDataSourceRT.java
D:\project\huakeTCP\ds-tn8000-lcj\src\com\serotonin\m2m2\tcp\dwr\TCPEditDwr.java
D:\project\huakeTCP\ds-tn8000-lcj\src\com\serotonin\m2m2\tcp\handler\TCPConfig.java
